components/ui/calendar.tsx(194,19): error TS4111: Property 'focused' comes from an index signature, so it must be accessed with ['focused'].
components/ui/calendar.tsx(195,17): error TS4111: Property 'focused' comes from an index signature, so it must be accessed with ['focused'].
components/ui/calendar.tsx(203,19): error TS4111: Property 'selected' comes from an index signature, so it must be accessed with ['selected'].
components/ui/calendar.tsx(204,20): error TS4111: Property 'range_start' comes from an index signature, so it must be accessed with ['range_start'].
components/ui/calendar.tsx(205,20): error TS4111: Property 'range_end' comes from an index signature, so it must be accessed with ['range_end'].
components/ui/calendar.tsx(206,20): error TS4111: Property 'range_middle' comes from an index signature, so it must be accessed with ['range_middle'].
components/ui/calendar.tsx(208,35): error TS4111: Property 'range_start' comes from an index signature, so it must be accessed with ['range_start'].
components/ui/calendar.tsx(209,33): error TS4111: Property 'range_end' comes from an index signature, so it must be accessed with ['range_end'].
components/ui/calendar.tsx(210,36): error TS4111: Property 'range_middle' comes from an index signature, so it must be accessed with ['range_middle'].
components/ui/scroll-area.tsx(1,1): error TS6133: 'React' is declared but its value is never read.
server.ts(6,7): error TS6133: '__dirname' is declared but its value is never read.
server.ts(10,35): error TS4111: Property 'PORT' comes from an index signature, so it must be accessed with ['PORT'].
server.ts(13,27): error TS6133: 'req' is declared but its value is never read.
server.ts(17,19): error TS4111: Property 'NODE_ENV' comes from an index signature, so it must be accessed with ['NODE_ENV'].
server.ts(26,19): error TS6133: 'req' is declared but its value is never read.
src/App.tsx(1,8): error TS6133: 'React' is declared but its value is never read.
src/App.tsx(2,32): error TS6133: 'useCRMData' is declared but its value is never read.
src/App.tsx(22,3): error TS6133: 'ChevronDown' is declared but its value is never read.
src/App.tsx(40,40): error TS6133: 'branding' is declared but its value is never read.
src/AuditLogs.tsx(1,8): error TS6133: 'React' is declared but its value is never read.
src/AuditLogs.tsx(3,16): error TS6133: 'CardContent' is declared but its value is never read.
src/AuditLogs.tsx(3,29): error TS6133: 'CardHeader' is declared but its value is never read.
src/AuditLogs.tsx(3,41): error TS6133: 'CardTitle' is declared but its value is never read.
src/AuditLogs.tsx(9,45): error TS6133: 'Activity' is declared but its value is never read.
src/AuditLogs.tsx(9,64): error TS6133: 'Shield' is declared but its value is never read.
src/AuditLogs.tsx(9,72): error TS6133: 'Fingerprint' is declared but its value is never read.
src/AuditLogs.tsx(9,85): error TS6133: 'Database' is declared but its value is never read.
src/AuditLogs.tsx(92,23): error TS2345: Argument of type 'string | null' is not assignable to parameter of type 'SetStateAction<string>'.
  Type 'null' is not assignable to type 'SetStateAction<string>'.
src/AuditLogs.tsx(215,40): error TS2304: Cannot find name 'cn'.
src/Clients.tsx(3,52): error TS6133: 'CardDescription' is declared but its value is never read.
src/Clients.tsx(10,16): error TS6133: 'TabsContent' is declared but its value is never read.
src/Clients.tsx(14,80): error TS6133: 'Phone' is declared but its value is never read.
src/Clients.tsx(14,115): error TS6133: 'Filter' is declared but its value is never read.
src/Clients.tsx(14,145): error TS6133: 'MapPin' is declared but its value is never read.
src/Clients.tsx(14,169): error TS6133: 'CreditCard' is declared but its value is never read.
src/Clients.tsx(18,18): error TS6133: 'AnimatePresence' is declared but its value is never read.
src/Clients.tsx(29,3): error TS6133: 'users' is declared but its value is never read.
src/Clients.tsx(368,33): error TS2345: Argument of type 'string[]' is not assignable to parameter of type 'ClientId[]'.
  Type 'string' is not assignable to type 'ClientId'.
    Type 'string' is not assignable to type '{ readonly __brand: "ClientId"; }'.
src/Clients.tsx(379,26): error TS2345: Argument of type 'string' is not assignable to parameter of type 'ClientId'.
  Type 'string' is not assignable to type '{ readonly __brand: "ClientId"; }'.
src/Clients.tsx(528,37): error TS2322: Type '(id: ClientId, updates: Partial<Client>) => Promise<void>' is not assignable to type '(id: string, updates: Partial<Client>) => void'.
  Types of parameters 'id' and 'id' are incompatible.
    Type 'string' is not assignable to type 'ClientId'.
      Type 'string' is not assignable to type '{ readonly __brand: "ClientId"; }'.
src/components/AlertDialog.tsx(12,25): error TS6133: 'Terminal' is declared but its value is never read.
src/components/AlertDialog.tsx(12,35): error TS6133: 'Activity' is declared but its value is never read.
src/components/AlertDialog.tsx(13,1): error TS6133: 'cn' is declared but its value is never read.
src/components/ConfirmDialog.tsx(12,23): error TS6133: 'Terminal' is declared but its value is never read.
src/components/ConfirmDialog.tsx(12,45): error TS6133: 'Activity' is declared but its value is never read.
src/components/ConfirmDialog.tsx(14,1): error TS6192: All imports in import declaration are unused.
src/components/dashboard/ConversionFunnel.tsx(1,1): error TS6133: 'React' is declared but its value is never read.
src/components/dashboard/ConversionFunnel.tsx(4,33): error TS6133: 'Terminal' is declared but its value is never read.
src/components/dashboard/ConversionFunnel.tsx(99,28): error TS6133: 'entry' is declared but its value is never read.
src/components/dashboard/KPICard.tsx(1,1): error TS6133: 'React' is declared but its value is never read.
src/components/dashboard/KPICard.tsx(19,73): error TS6133: 'color' is declared but its value is never read.
src/components/dashboard/RevenueChart.tsx(1,1): error TS6133: 'React' is declared but its value is never read.
src/components/dashboard/RevenueChart.tsx(4,20): error TS6133: 'Terminal' is declared but its value is never read.
src/components/dashboard/RevenueChart.tsx(4,30): error TS6133: 'TrendingUp' is declared but its value is never read.
src/components/dashboard/RevenueChart.tsx(100,17): error TS2322: Type '"cubic-bezier(0.16, 1, 0.3, 1)"' is not assignable to type 'AnimationTiming | undefined'.
src/components/import/ColumnMapper.tsx(1,1): error TS6133: 'React' is declared but its value is never read.
src/components/import/ColumnMapper.tsx(5,30): error TS6133: 'Database' is declared but its value is never read.
src/components/import/ColumnMapper.tsx(5,52): error TS6133: 'Terminal' is declared but its value is never read.
src/components/import/ColumnMapper.tsx(5,62): error TS6133: 'Activity' is declared but its value is never read.
src/components/import/ColumnMapper.tsx(75,66): error TS2345: Argument of type 'string | null' is not assignable to parameter of type 'string'.
  Type 'null' is not assignable to type 'string'.
src/components/import/FileUploader.tsx(5,18): error TS6133: 'Loader2' is declared but its value is never read.
src/components/import/FileUploader.tsx(140,12): error TS2304: Cannot find name 'motion'.
src/components/import/FileUploader.tsx(147,13): error TS2304: Cannot find name 'motion'.
src/components/import/ImportStatus.tsx(1,1): error TS6133: 'React' is declared but its value is never read.
src/components/import/ImportStatus.tsx(3,10): error TS6133: 'Loader2' is declared but its value is never read.
src/components/import/ImportStatus.tsx(3,33): error TS6133: 'AlertCircle' is declared but its value is never read.
src/components/import/ImportStatus.tsx(3,56): error TS6133: 'Database' is declared but its value is never read.
src/components/import/ImportStatus.tsx(3,66): error TS6133: 'History' is declared but its value is never read.
src/components/import/ImportStatus.tsx(6,1): error TS6133: 'motion' is declared but its value is never read.
src/contexts/CRMContext.tsx(17,3): error TS6133: 'UserId' is declared but its value is never read.
src/contexts/CRMContext.tsx(311,11): error TS6133: 'totalMembers' is declared but its value is never read.
src/contexts/CRMContext.tsx(320,71): error TS2367: This comparison appears to be unintentional because the types '"Active" | "Nearly Expired" | "Expired"' and '"Trial"' have no overlap.
src/Dashboard.tsx(2,52): error TS6133: 'CardAction' is declared but its value is never read.
src/Dashboard.tsx(9,10): error TS6133: 'isSameDay' is declared but its value is never read.
src/Dashboard.tsx(89,9): error TS2339: Property 'expectedVisitDate' does not exist on type 'Client'.
  Property 'expectedVisitDate' does not exist on type 'MemberClient'.
src/Dashboard.tsx(90,26): error TS2339: Property 'expectedVisitDate' does not exist on type 'Client'.
  Property 'expectedVisitDate' does not exist on type 'MemberClient'.
src/Dashboard.tsx(91,27): error TS2339: Property 'expectedVisitDate' does not exist on type 'Client'.
  Property 'expectedVisitDate' does not exist on type 'MemberClient'.
src/Dashboard.tsx(142,83): error TS2339: Property 'displayName' does not exist on type 'User'.
src/Dashboard.tsx(156,30): error TS2322: Type '{ children: Element; asChild: true; }' is not assignable to type 'IntrinsicAttributes & Props<unknown>'.
  Property 'asChild' does not exist on type 'IntrinsicAttributes & Props<unknown>'.
src/Dashboard.tsx(239,25): error TS2322: Type '{ month: string; revenue: number; }[]' is not assignable to type '{ month: string; revenue: number; sessions: number; }[]'.
  Property 'sessions' is missing in type '{ month: string; revenue: number; }' but required in type '{ month: string; revenue: number; sessions: number; }'.
src/Dashboard.tsx(339,26): error TS2304: Cannot find name 'CheckCircle2'.
src/Dashboard.tsx(373,138): error TS2339: Property 'expectedVisitDate' does not exist on type 'Client'.
  Property 'expectedVisitDate' does not exist on type 'MemberClient'.
src/Dashboard.tsx(404,22): error TS2304: Cannot find name 'Clock'.
src/data.ts(7,5): error TS2322: Type 'string' is not assignable to type 'UserId'.
  Type 'string' is not assignable to type '{ readonly __brand: "UserId"; }'.
src/data.ts(8,5): error TS2322: Type 'string' is not assignable to type 'UserId'.
  Type 'string' is not assignable to type '{ readonly __brand: "UserId"; }'.
src/data.ts(9,5): error TS2322: Type 'string' is not assignable to type 'UserId'.
  Type 'string' is not assignable to type '{ readonly __brand: "UserId"; }'.
src/data.ts(10,5): error TS2322: Type 'string' is not assignable to type 'UserId'.
  Type 'string' is not assignable to type '{ readonly __brand: "UserId"; }'.
src/data.ts(24,5): error TS2322: Type 'string' is not assignable to type 'ClientId'.
  Type 'string' is not assignable to type '{ readonly __brand: "ClientId"; }'.
src/data.ts(28,5): error TS2322: Type 'string' is not assignable to type 'UserId'.
  Type 'string' is not assignable to type '{ readonly __brand: "UserId"; }'.
src/data.ts(39,9): error TS2322: Type 'string' is not assignable to type 'CommentId'.
  Type 'string' is not assignable to type '{ readonly __brand: "CommentId"; }'.
src/data.ts(47,5): error TS2322: Type 'string' is not assignable to type 'ClientId'.
  Type 'string' is not assignable to type '{ readonly __brand: "ClientId"; }'.
src/data.ts(51,5): error TS2322: Type 'string' is not assignable to type 'UserId'.
  Type 'string' is not assignable to type '{ readonly __brand: "UserId"; }'.
src/data.ts(60,9): error TS2322: Type 'string' is not assignable to type 'CommentId'.
  Type 'string' is not assignable to type '{ readonly __brand: "CommentId"; }'.
src/data.ts(68,5): error TS2322: Type 'string' is not assignable to type 'ClientId'.
  Type 'string' is not assignable to type '{ readonly __brand: "ClientId"; }'.
src/data.ts(79,9): error TS2322: Type 'string' is not assignable to type 'CommentId'.
  Type 'string' is not assignable to type '{ readonly __brand: "CommentId"; }'.
src/data.ts(87,5): error TS2322: Type 'string' is not assignable to type 'ClientId'.
  Type 'string' is not assignable to type '{ readonly __brand: "ClientId"; }'.
src/data.ts(101,5): error TS2322: Type 'string' is not assignable to type 'ClientId'.
  Type 'string' is not assignable to type '{ readonly __brand: "ClientId"; }'.
src/data.ts(115,9): error TS2322: Type 'string' is not assignable to type 'CommentId'.
  Type 'string' is not assignable to type '{ readonly __brand: "CommentId"; }'.
src/data.ts(123,5): error TS2322: Type 'string' is not assignable to type 'ClientId'.
  Type 'string' is not assignable to type '{ readonly __brand: "ClientId"; }'.
src/data.ts(135,9): error TS2322: Type 'string' is not assignable to type 'CommentId'.
  Type 'string' is not assignable to type '{ readonly __brand: "CommentId"; }'.
src/ImportData.tsx(5,37): error TS6133: 'Cpu' is declared but its value is never read.
src/ImportData.tsx(5,52): error TS6133: 'LayoutGrid' is declared but its value is never read.
src/ImportData.tsx(112,17): error TS7006: Parameter 'err' implicitly has an 'any' type.
src/ImportData.tsx(144,29): error TS2538: Type 'undefined' cannot be used as an index type.
src/ImportData.tsx(145,30): error TS2538: Type 'undefined' cannot be used as an index type.
src/ImportData.tsx(153,34): error TS2538: Type 'undefined' cannot be used as an index type.
src/ImportData.tsx(154,31): error TS2538: Type 'undefined' cannot be used as an index type.
src/ImportData.tsx(155,36): error TS2538: Type 'undefined' cannot be used as an index type.
src/ImportData.tsx(156,44): error TS2538: Type 'undefined' cannot be used as an index type.
src/ImportData.tsx(157,43): error TS2538: Type 'undefined' cannot be used as an index type.
src/ImportData.tsx(187,17): error TS2322: Type '`${string}-${string}-${string}-${string}-${string}`' is not assignable to type 'ClientId'.
  Type '`${string}-${string}-${string}-${string}-${string}`' is not assignable to type '{ readonly __brand: "ClientId"; }'.
src/ImportData.tsx(236,22): error TS2322: Type '{ children: Element; asChild: true; }' is not assignable to type 'IntrinsicAttributes & Props<unknown>'.
  Property 'asChild' does not exist on type 'IntrinsicAttributes & Props<unknown>'.
src/ImportData.tsx(255,22): error TS2304: Cannot find name 'Badge'.
src/ImportData.tsx(255,228): error TS2304: Cannot find name 'Badge'.
src/ImportData.tsx(286,29): error TS2322: Type 'RefObject<HTMLInputElement | null>' is not assignable to type 'RefObject<HTMLInputElement>'.
  Type 'HTMLInputElement | null' is not assignable to type 'HTMLInputElement'.
    Type 'null' is not assignable to type 'HTMLInputElement'.
src/ImportHistory.tsx(30,28): error TS2345: Argument of type 'string' is not assignable to parameter of type 'ImportBatchId'.
  Type 'string' is not assignable to type '{ readonly __brand: "ImportBatchId"; }'.
src/Leads.tsx(3,29): error TS6133: 'CardHeader' is declared but its value is never read.
src/Leads.tsx(3,41): error TS6133: 'CardTitle' is declared but its value is never read.
src/Leads.tsx(7,33): error TS6133: 'DialogHeader' is declared but its value is never read.
src/Leads.tsx(12,16): error TS6133: 'TabsContent' is declared but its value is never read.
src/Leads.tsx(15,129): error TS6133: 'Globe' is declared but its value is never read.
src/Leads.tsx(15,136): error TS6133: 'Info' is declared but its value is never read.
src/Leads.tsx(15,142): error TS6133: 'Clock' is declared but its value is never read.
src/Leads.tsx(73,100): error TS2339: Property 'category' does not exist on type 'Client'.
  Property 'category' does not exist on type 'MemberClient'.
src/Leads.tsx(86,101): error TS2339: Property 'source' does not exist on type 'Client'.
  Property 'source' does not exist on type 'MemberClient'.
src/Leads.tsx(90,17): error TS2339: Property 'stage' does not exist on type 'Client'.
  Property 'stage' does not exist on type 'MemberClient'.
src/Leads.tsx(93,74): error TS2339: Property 'interest' does not exist on type 'Client'.
  Property 'interest' does not exist on type 'MemberClient'.
src/Leads.tsx(95,15): error TS2339: Property 'trialDate' does not exist on type 'Client'.
  Property 'trialDate' does not exist on type 'MemberClient'.
src/Leads.tsx(95,33): error TS2339: Property 'expectedVisitDate' does not exist on type 'Client'.
  Property 'expectedVisitDate' does not exist on type 'MemberClient'.
src/Leads.tsx(98,36): error TS2339: Property 'trialDate' does not exist on type 'Client'.
  Property 'trialDate' does not exist on type 'MemberClient'.
src/Leads.tsx(98,54): error TS2339: Property 'expectedVisitDate' does not exist on type 'Client'.
  Property 'expectedVisitDate' does not exist on type 'MemberClient'.
src/Leads.tsx(124,55): error TS2322: Type 'string | null | undefined' is not assignable to type 'UserId | undefined'.
  Type 'null' is not assignable to type 'UserId | undefined'.
src/Leads.tsx(168,28): error TS6133: 'setFilterAssignedTo' is declared but its value is never read.
src/Leads.tsx(258,26): error TS2345: Argument of type 'string' is not assignable to parameter of type 'ClientId'.
  Type 'string' is not assignable to type '{ readonly __brand: "ClientId"; }'.
src/Leads.tsx(265,26): error TS2345: Argument of type 'string' is not assignable to parameter of type 'ClientId'.
  Type 'string' is not assignable to type '{ readonly __brand: "ClientId"; }'.
src/Leads.tsx(273,33): error TS2345: Argument of type 'string[]' is not assignable to parameter of type 'ClientId[]'.
  Type 'string' is not assignable to type 'ClientId'.
    Type 'string' is not assignable to type '{ readonly __brand: "ClientId"; }'.
src/Leads.tsx(284,26): error TS2345: Argument of type 'string' is not assignable to parameter of type 'ClientId'.
  Type 'string' is not assignable to type '{ readonly __brand: "ClientId"; }'.
src/Leads.tsx(319,9): error TS2322: Type 'string | undefined' is not assignable to type 'string'.
  Type 'undefined' is not assignable to type 'string'.
src/Leads.tsx(343,9): error TS2353: Object literal may only specify known properties, and 'stage' does not exist in type 'Partial<MemberClient>'.
src/Leads.tsx(420,28): error TS2322: Type '{ children: Element; asChild: true; }' is not assignable to type 'IntrinsicAttributes & Props<unknown>'.
  Property 'asChild' does not exist on type 'IntrinsicAttributes & Props<unknown>'.
src/Leads.tsx(584,27): error TS2322: Type '(id: ClientId, updates: Partial<Client>) => Promise<void>' is not assignable to type '(id: string, updates: Partial<Client>) => void'.
  Types of parameters 'id' and 'id' are incompatible.
    Type 'string' is not assignable to type 'ClientId'.
      Type 'string' is not assignable to type '{ readonly __brand: "ClientId"; }'.
src/Leads.tsx(672,137): error TS2339: Property 'source' does not exist on type 'Client'.
  Property 'source' does not exist on type 'MemberClient'.
src/Leads.tsx(693,64): error TS2339: Property 'interest' does not exist on type 'Client'.
  Property 'interest' does not exist on type 'MemberClient'.
src/Leads.tsx(706,64): error TS2339: Property 'stage' does not exist on type 'Client'.
  Property 'stage' does not exist on type 'MemberClient'.
src/Leads.tsx(719,64): error TS2339: Property 'category' does not exist on type 'Client'.
  Property 'category' does not exist on type 'MemberClient'.
src/Leads.tsx(737,150): error TS2339: Property 'source' does not exist on type 'Client'.
  Property 'source' does not exist on type 'MemberClient'.
src/Leads.tsx(826,37): error TS2322: Type '(userId: string) => Promise<void>' is not assignable to type '(value: string | null, eventDetails: SelectRootChangeEventDetails) => void'.
  Types of parameters 'userId' and 'value' are incompatible.
    Type 'string | null' is not assignable to type 'string'.
      Type 'null' is not assignable to type 'string'.
src/Login.tsx(1,1): error TS6133: 'React' is declared but its value is never read.
src/Packages.tsx(1,8): error TS6133: 'React' is declared but its value is never read.
src/Packages.tsx(3,41): error TS6133: 'CardTitle' is declared but its value is never read.
src/Packages.tsx(3,52): error TS6133: 'CardDescription' is declared but its value is never read.
src/Packages.tsx(5,33): error TS6133: 'DialogHeader' is declared but its value is never read.
src/Packages.tsx(5,60): error TS6133: 'DialogDescription' is declared but its value is never read.
src/Packages.tsx(5,94): error TS6133: 'DialogFooter' is declared but its value is never read.
src/Packages.tsx(56,24): error TS2345: Argument of type '{ name: string; sessions: number; price: number; expiryDays: number; branch: "COMPLEX" | "MIVIDA" | "ALL"; }' is not assignable to parameter of type 'Omit<Package, "id">'.
  Property 'type' is missing in type '{ name: string; sessions: number; price: number; expiryDays: number; branch: "COMPLEX" | "MIVIDA" | "ALL"; }' but required in type 'Omit<Package, "id">'.
src/Packages.tsx(90,27): error TS2345: Argument of type 'string' is not assignable to parameter of type 'PackageId'.
  Type 'string' is not assignable to type '{ readonly __brand: "PackageId"; }'.
src/Packages.tsx(128,26): error TS2322: Type '{ children: Element; asChild: true; }' is not assignable to type 'IntrinsicAttributes & Props<unknown>'.
  Property 'asChild' does not exist on type 'IntrinsicAttributes & Props<unknown>'.
src/Payments.tsx(3,29): error TS6133: 'CardHeader' is declared but its value is never read.
src/Payments.tsx(3,41): error TS6133: 'CardTitle' is declared but its value is never read.
src/Payments.tsx(7,33): error TS6133: 'DialogHeader' is declared but its value is never read.
src/Payments.tsx(13,128): error TS6133: 'Info' is declared but its value is never read.
src/Payments.tsx(13,164): error TS6133: 'ArrowDownRight' is declared but its value is never read.
src/Payments.tsx(16,10): error TS6133: 'motion' is declared but its value is never read.
src/Payments.tsx(215,9): error TS2322: Type 'string' is not assignable to type 'ClientId'.
  Type 'string' is not assignable to type '{ readonly __brand: "ClientId"; }'.
src/Payments.tsx(229,22): error TS2345: Argument of type 'string' is not assignable to parameter of type 'ClientId'.
  Type 'string' is not assignable to type '{ readonly __brand: "ClientId"; }'.
src/Payments.tsx(236,22): error TS2345: Argument of type 'string' is not assignable to parameter of type 'ClientId'.
  Type 'string' is not assignable to type '{ readonly __brand: "ClientId"; }'.
src/Payments.tsx(372,28): error TS2322: Type '{ children: Element; asChild: true; }' is not assignable to type 'IntrinsicAttributes & Props<unknown>'.
  Property 'asChild' does not exist on type 'IntrinsicAttributes & Props<unknown>'.
src/Payments.tsx(392,50): error TS2322: Type 'Dispatch<SetStateAction<string>>' is not assignable to type '(value: string | null, eventDetails: SelectRootChangeEventDetails) => void'.
  Types of parameters 'value' and 'value' are incompatible.
    Type 'string | null' is not assignable to type 'SetStateAction<string>'.
      Type 'null' is not assignable to type 'SetStateAction<string>'.
src/Payments.tsx(414,57): error TS2322: Type '(val: string) => void' is not assignable to type '(value: string | null, eventDetails: SelectRootChangeEventDetails) => void'.
  Types of parameters 'val' and 'value' are incompatible.
    Type 'string | null' is not assignable to type 'string'.
      Type 'null' is not assignable to type 'string'.
src/Payments.tsx(595,27): error TS2345: Argument of type 'string' is not assignable to parameter of type 'PaymentId'.
  Type 'string' is not assignable to type '{ readonly __brand: "PaymentId"; }'.
src/PrivateSessions.tsx(1,8): error TS6133: 'React' is declared but its value is never read.
src/PrivateSessions.tsx(3,36): error TS6133: 'SessionId' is declared but its value is never read.
src/PrivateSessions.tsx(8,33): error TS6133: 'DialogHeader' is declared but its value is never read.
src/PrivateSessions.tsx(12,75): error TS6133: 'AlertCircle' is declared but its value is never read.
src/PrivateSessions.tsx(102,27): error TS2322: Type '"" | ClientId' is not assignable to type '"" | null | undefined'.
  Type 'ClientId' is not assignable to type '"" | null | undefined'.
src/PrivateSessions.tsx(173,29): error TS2322: Type '"" | ClientId' is not assignable to type '"" | null | undefined'.
  Type 'ClientId' is not assignable to type '"" | null | undefined'.
src/services/clientService.ts(12,28): error TS6133: 'UserId' is declared but its value is never read.
src/Settings.tsx(3,16): error TS6133: 'CardContent' is declared but its value is never read.
src/Settings.tsx(3,29): error TS6133: 'CardDescription' is declared but its value is never read.
src/Settings.tsx(3,46): error TS6133: 'CardHeader' is declared but its value is never read.
src/Settings.tsx(3,58): error TS6133: 'CardTitle' is declared but its value is never read.
src/Settings.tsx(7,145): error TS6133: 'Fingerprint' is declared but its value is never read.
src/Settings.tsx(12,1): error TS6133: 'Badge' is declared but its value is never read.
src/Settings.tsx(16,40): error TS2304: Cannot find name 'useSettings'.
src/Settings.tsx(17,11): error TS6133: 'users' is declared but its value is never read.
src/Settings.tsx(24,10): error TS6133: 'isResetDialogOpen' is declared but its value is never read.
src/Tasks.tsx(1,8): error TS6133: 'React' is declared but its value is never read.
src/Tasks.tsx(8,33): error TS6133: 'DialogHeader' is declared but its value is never read.
src/Tasks.tsx(54,7): error TS2322: Type 'string | UserId' is not assignable to type 'UserId | undefined'.
  Type 'string' is not assignable to type 'UserId'.
    Type 'string' is not assignable to type '{ readonly __brand: "UserId"; }'.
src/Tasks.tsx(55,7): error TS2322: Type 'string' is not assignable to type 'ClientId'.
  Type 'string' is not assignable to type '{ readonly __brand: "ClientId"; }'.
src/Tasks.tsx(115,40): error TS2322: Type 'Dispatch<SetStateAction<string>>' is not assignable to type '(value: string | null, eventDetails: SelectRootChangeEventDetails) => void'.
  Types of parameters 'value' and 'value' are incompatible.
    Type 'string | null' is not assignable to type 'SetStateAction<string>'.
      Type 'null' is not assignable to type 'SetStateAction<string>'.
src/Tasks.tsx(169,58): error TS2322: Type '(v: TaskPriority) => void' is not assignable to type '(value: "Medium" | "Low" | "High" | null, eventDetails: SelectRootChangeEventDetails) => void'.
  Types of parameters 'v' and 'value' are incompatible.
    Type '"Medium" | "Low" | "High" | null' is not assignable to type 'TaskPriority'.
      Type 'null' is not assignable to type 'TaskPriority'.
src/Tasks.tsx(182,102): error TS2322: Type 'UserId | null' is not assignable to type 'UserId | undefined'.
  Type 'null' is not assignable to type 'UserId | undefined'.
src/Tasks.tsx(193,110): error TS2322: Type 'string | null' is not assignable to type 'ClientId | undefined'.
  Type 'null' is not assignable to type 'ClientId | undefined'.
src/Tasks.tsx(359,56): error TS2322: Type '(v: TaskStatus) => void' is not assignable to type '(value: "Completed" | "Pending" | "In Progress" | null, eventDetails: SelectRootChangeEventDetails) => void'.
  Types of parameters 'v' and 'value' are incompatible.
    Type '"Completed" | "Pending" | "In Progress" | null' is not assignable to type 'TaskStatus'.
      Type 'null' is not assignable to type 'TaskStatus'.
src/Tasks.tsx(372,58): error TS2322: Type '(v: TaskPriority) => void' is not assignable to type '(value: "Medium" | "Low" | "High" | null, eventDetails: SelectRootChangeEventDetails) => void'.
  Types of parameters 'v' and 'value' are incompatible.
    Type '"Medium" | "Low" | "High" | null' is not assignable to type 'TaskPriority'.
      Type 'null' is not assignable to type 'TaskPriority'.
src/Tasks.tsx(383,112): error TS2322: Type 'UserId | null' is not assignable to type 'UserId'.
  Type 'null' is not assignable to type 'UserId'.
    Type 'null' is not assignable to type 'string'.
src/Tasks.tsx(395,120): error TS2322: Type 'string | null' is not assignable to type 'ClientId | undefined'.
  Type 'null' is not assignable to type 'ClientId | undefined'.
src/Users.tsx(1,8): error TS6133: 'React' is declared but its value is never read.
src/Users.tsx(2,10): error TS6133: 'useCRMData' is declared but its value is never read.
src/Users.tsx(3,16): error TS6133: 'CardContent' is declared but its value is never read.
src/Users.tsx(8,33): error TS6133: 'DialogHeader' is declared but its value is never read.
src/Users.tsx(8,75): error TS6133: 'DialogFooter' is declared but its value is never read.
src/Users.tsx(8,89): error TS6133: 'DialogDescription' is declared but its value is never read.
src/Users.tsx(12,26): error TS6133: 'UserIcon' is declared but its value is never read.
src/Users.tsx(46,16): error TS2345: Argument of type 'string' is not assignable to parameter of type 'UserId'.
  Type 'string' is not assignable to type '{ readonly __brand: "UserId"; }'.
src/Users.tsx(86,28): error TS2322: Type '{ children: Element; asChild: true; }' is not assignable to type 'IntrinsicAttributes & Props<unknown>'.
  Property 'asChild' does not exist on type 'IntrinsicAttributes & Props<unknown>'.
src/Users.tsx(245,24): error TS2345: Argument of type 'string' is not assignable to parameter of type 'UserId'.
  Type 'string' is not assignable to type '{ readonly __brand: "UserId"; }'.
