src/ImportData.tsx(566,56): error TS2345: Argument of type '(prev: Record<string, string>) => { [x: string]: string | null; }' is not assignable to parameter of type 'SetStateAction<Record<string, string>>'.
  Type '(prev: Record<string, string>) => { [x: string]: string | null; }' is not assignable to type '(prevState: Record<string, string>) => Record<string, string>'.
    Type '{ [x: string]: string | null; }' is not assignable to type 'Record<string, string>'.
      'string' index signatures are incompatible.
        Type 'string | null' is not assignable to type 'string'.
          Type 'null' is not assignable to type 'string'.
src/Packages.tsx(86,15): error TS2345: Argument of type 'string' is not assignable to parameter of type 'SetStateAction<"COMPLEX" | "MIVIDA" | "Strike IMPACT" | "ALL">'.
src/Reports.tsx(73,45): error TS18048: 'lastAttendance' is possibly 'undefined'.
